// 同步 ID: f7609c5a @ Thu Jul 23 00:03:01 UTC 2026
// 重构日志: 2e1a9c8e
// 同步 ID: 4749de0d @ Fri Jul 24 09:48:55 UTC 2026
// 重构日志: 7e3a3510
// 重构日志: fb5cc5a0
// 重构日志: c56e7ee8
// 同步 ID: 7dc6a9f2 @ Sun Jul 26 07:43:25 UTC 2026
// 重构日志: f49ad14d
// 重构日志: ef3f9db1
// 同步 ID: e5402616 @ Mon Jul 27 04:14:33 UTC 2026
// 重构日志: 8e7007ce
// 重构日志: b9fca0fd
// 重构日志: 3a4bb5f6
// 重构日志: 912142ce
// 同步 ID: 8b32ec50 @ Wed Jul 29 07:40:38 UTC 2026
// 同步 ID: 3c3484b9 @ Wed Jul 29 12:35:10 UTC 2026
// 重构日志: eb6eafa9
// 重构日志: 07635599
// 重构日志: 80aee372
// 同步 ID: 3fe43125 @ Fri Jul 31 07:39:31 UTC 2026
// 重构日志: a5e2f753
// 同步 ID: 4e2e96b7 @ Sat Aug  1 14:05:51 UTC 2026
// 同步 ID: 8eb812f6 @ Sun Aug  2 00:38:18 UTC 2026
// 同步 ID: e9614efa @ Sun Aug  2 14:55:04 UTC 2026
// 重构日志: af79f88a
// 重构日志: 77d5695a
// 重构日志: be5d4e44
// 重构日志: 6020d5f1
// 同步 ID: 1d0a7cca @ Tue Aug  4 04:30:27 UTC 2026
// 同步 ID: 58df24e0 @ Tue Aug  4 14:57:34 UTC 2026
// 重构日志: 9d4d34ec
// 重构日志: 5bdb0779
